[debug] [2025-11-28T08:46:48.885Z] ----------------------------------------------------------------------
[debug] [2025-11-28T08:46:48.890Z] Command:       C:\Program Files\nodejs\node.exe C:\Users\PC\AppData\Roaming\npm\node_modules\firebase-tools\lib\bin\firebase.js init
[debug] [2025-11-28T08:46:48.891Z] CLI Version:   14.26.0
[debug] [2025-11-28T08:46:48.891Z] Platform:      win32
[debug] [2025-11-28T08:46:48.892Z] Node Version:  v22.19.0
[debug] [2025-11-28T08:46:48.892Z] Time:          Fri Nov 28 2025 14:16:48 GMT+0530 (India Standard Time)
[debug] [2025-11-28T08:46:48.892Z] ----------------------------------------------------------------------
[debug] 
[info] 
     ######## #### ########  ######## ########     ###     ######  ########
     ##        ##  ##     ## ##       ##     ##  ##   ##  ##       ##
     ######    ##  ########  ######   ########  #########  ######  ######
     ##        ##  ##    ##  ##       ##     ## ##     ##       ## ##
     ##       #### ##     ## ######## ########  ##     ##  ######  ########

You're about to initialize a Firebase project in this directory:

  D:\pw coding course\pw course\namsteReactjs

[info] 
=== Project Setup
[info] 
[info] First, let's associate this project directory with a Firebase project.
[info] You can create multiple project aliases by running firebase use --add, 
[info] 
[debug] [2025-11-28T08:47:06.362Z] > command requires scopes: ["email","openid","https://www.googleapis.com/auth/cloudplatformprojects.readonly","https://www.googleapis.com/auth/firebase","https://www.googleapis.com/auth/cloud-platform"]
[debug] [2025-11-28T08:47:06.363Z] > authorizing via signed-in user (vk220783@gmail.com)
[debug] [2025-11-28T08:47:06.364Z] Checked if tokens are valid: true, expires at: 1764322941462
[debug] [2025-11-28T08:47:06.365Z] Checked if tokens are valid: true, expires at: 1764322941462
[debug] [2025-11-28T08:47:06.366Z] >>> [apiv2][query] GET https://firebase.googleapis.com/v1beta1/projects pageSize=100
[debug] [2025-11-28T08:47:07.192Z] <<< [apiv2][status] GET https://firebase.googleapis.com/v1beta1/projects 200
[debug] [2025-11-28T08:47:07.192Z] <<< [apiv2][body] GET https://firebase.googleapis.com/v1beta1/projects [omitted]
